2026-07-21T12:21:03.909+0530 [INFO]  Terraform version: 1.15.6
2026-07-21T12:21:03.909+0530 [DEBUG] using github.com/hashicorp/go-tfe v1.105.0
2026-07-21T12:21:03.909+0530 [DEBUG] using github.com/hashicorp/hcl/v2 v2.24.0
2026-07-21T12:21:03.909+0530 [DEBUG] using github.com/hashicorp/terraform-svchost v0.2.1
2026-07-21T12:21:03.909+0530 [DEBUG] using github.com/zclconf/go-cty v1.18.0
2026-07-21T12:21:03.909+0530 [INFO]  Go runtime version: go1.25.10
2026-07-21T12:21:03.909+0530 [INFO]  CLI args: []string{"terraform", "plan"}
2026-07-21T12:21:03.909+0530 [DEBUG] Attempting to open CLI config file: /home/sameeraku/.terraformrc
2026-07-21T12:21:03.909+0530 [INFO]  Loading CLI configuration from /home/sameeraku/.terraformrc
2026-07-21T12:21:03.910+0530 [DEBUG] checking for credentials in "/home/sameeraku/.terraform.d/plugins"
2026-07-21T12:21:03.910+0530 [DEBUG] Explicit provider installation configuration is set
2026-07-21T12:21:03.910+0530 [INFO]  CLI command args: []string{"plan"}
2026-07-21T12:21:03.911+0530 [DEBUG] Provider registry.terraform.io/wso2/dcapi is overridden by dev_overrides
2026-07-21T12:21:03.911+0530 [DEBUG] Provider registry.terraform.io/wso2/dcapi is overridden by dev_overrides
2026-07-21T12:21:03.911+0530 [DEBUG] Provider registry.terraform.io/wso2/dcapi is overridden to load from /home/sameeraku/.terraform.d/plugins/registry.terraform.io/wso2/dcapi/0.1.0/linux_amd64
2026-07-21T12:21:03.912+0530 [DEBUG] checking for provisioner in "."
2026-07-21T12:21:03.928+0530 [DEBUG] checking for provisioner in "/usr/bin"
2026-07-21T12:21:03.929+0530 [DEBUG] checking for provisioner in "/home/sameeraku/.terraform.d/plugins"
2026-07-21T12:21:03.929+0530 [DEBUG] Provider registry.terraform.io/wso2/dcapi is overridden by dev_overrides
2026-07-21T12:21:03.931+0530 [INFO]  backend/local: starting Plan operation
2026-07-21T12:21:03.936+0530 [DEBUG] Starting graph walk: walkInit
2026-07-21T12:21:03.939+0530 [DEBUG] Config.VerifyDependencySelections: skipping registry.terraform.io/wso2/dcapi because it's overridden by a special configuration setting
2026-07-21T12:21:03.940+0530 [DEBUG] created provider logger: level=debug
2026-07-21T12:21:03.940+0530 [INFO]  provider: configuring client automatic mTLS
2026-07-21T12:21:03.954+0530 [DEBUG] provider: starting plugin: path=/home/sameeraku/.terraform.d/plugins/registry.terraform.io/wso2/dcapi/0.1.0/linux_amd64/terraform-provider-dcapi args=["/home/sameeraku/.terraform.d/plugins/registry.terraform.io/wso2/dcapi/0.1.0/linux_amd64/terraform-provider-dcapi"]
2026-07-21T12:21:03.954+0530 [DEBUG] provider: plugin started: path=/home/sameeraku/.terraform.d/plugins/registry.terraform.io/wso2/dcapi/0.1.0/linux_amd64/terraform-provider-dcapi pid=135990
2026-07-21T12:21:03.955+0530 [DEBUG] provider: waiting for RPC address: plugin=/home/sameeraku/.terraform.d/plugins/registry.terraform.io/wso2/dcapi/0.1.0/linux_amd64/terraform-provider-dcapi
2026-07-21T12:21:03.984+0530 [INFO]  provider.terraform-provider-dcapi: configuring server automatic mTLS: timestamp="2026-07-21T12:21:03.984+0530"
2026-07-21T12:21:03.998+0530 [DEBUG] provider: using plugin: version=5
2026-07-21T12:21:03.998+0530 [DEBUG] provider.terraform-provider-dcapi: plugin address: address=/tmp/plugin1647938968 network=unix timestamp="2026-07-21T12:21:03.998+0530"
2026-07-21T12:21:04.013+0530 [DEBUG] provider.stdio: received EOF, stopping recv loop: err="rpc error: code = Unavailable desc = error reading from server: EOF"
2026-07-21T12:21:04.014+0530 [INFO]  provider: plugin process exited: plugin=/home/sameeraku/.terraform.d/plugins/registry.terraform.io/wso2/dcapi/0.1.0/linux_amd64/terraform-provider-dcapi id=135990
2026-07-21T12:21:04.014+0530 [DEBUG] provider: plugin exited
2026-07-21T12:21:04.014+0530 [DEBUG] Building and walking validate graph
2026-07-21T12:21:04.015+0530 [DEBUG] ProviderTransformer: "dcapi_project.project-s87" (*terraform.NodeValidatableResource) needs provider["registry.terraform.io/wso2/dcapi"]
2026-07-21T12:21:04.015+0530 [DEBUG] ReferenceTransformer: "output.project_uuid (expand)" references: [dcapi_project.project-s87]
2026-07-21T12:21:04.015+0530 [DEBUG] ReferenceTransformer: "provider[\"registry.terraform.io/wso2/dcapi\"]" references: []
2026-07-21T12:21:04.015+0530 [DEBUG] ReferenceTransformer: "dcapi_project.project-s87" references: []
2026-07-21T12:21:04.015+0530 [DEBUG] ReferenceTransformer: "output.tenant_id (expand)" references: [dcapi_project.project-s87]
2026-07-21T12:21:04.015+0530 [DEBUG] ReferenceTransformer: "output.project_id (expand)" references: [dcapi_project.project-s87]
2026-07-21T12:21:04.015+0530 [DEBUG] Starting graph walk: walkValidate
2026-07-21T12:21:04.016+0530 [DEBUG] created provider logger: level=debug
2026-07-21T12:21:04.016+0530 [INFO]  provider: configuring client automatic mTLS
2026-07-21T12:21:04.020+0530 [DEBUG] provider: starting plugin: path=/home/sameeraku/.terraform.d/plugins/registry.terraform.io/wso2/dcapi/0.1.0/linux_amd64/terraform-provider-dcapi args=["/home/sameeraku/.terraform.d/plugins/registry.terraform.io/wso2/dcapi/0.1.0/linux_amd64/terraform-provider-dcapi"]
2026-07-21T12:21:04.021+0530 [DEBUG] provider: plugin started: path=/home/sameeraku/.terraform.d/plugins/registry.terraform.io/wso2/dcapi/0.1.0/linux_amd64/terraform-provider-dcapi pid=136003
2026-07-21T12:21:04.021+0530 [DEBUG] provider: waiting for RPC address: plugin=/home/sameeraku/.terraform.d/plugins/registry.terraform.io/wso2/dcapi/0.1.0/linux_amd64/terraform-provider-dcapi
2026-07-21T12:21:04.026+0530 [INFO]  provider.terraform-provider-dcapi: configuring server automatic mTLS: timestamp="2026-07-21T12:21:04.025+0530"
2026-07-21T12:21:04.037+0530 [DEBUG] provider.terraform-provider-dcapi: plugin address: address=/tmp/plugin2956287840 network=unix timestamp="2026-07-21T12:21:04.037+0530"
2026-07-21T12:21:04.037+0530 [DEBUG] provider: using plugin: version=5
2026-07-21T12:21:04.048+0530 [DEBUG] provider.stdio: received EOF, stopping recv loop: err="rpc error: code = Unavailable desc = error reading from server: EOF"
2026-07-21T12:21:04.050+0530 [INFO]  provider: plugin process exited: plugin=/home/sameeraku/.terraform.d/plugins/registry.terraform.io/wso2/dcapi/0.1.0/linux_amd64/terraform-provider-dcapi id=136003
2026-07-21T12:21:04.050+0530 [DEBUG] provider: plugin exited
2026-07-21T12:21:04.050+0530 [INFO]  backend/local: plan calling Plan
2026-07-21T12:21:04.050+0530 [DEBUG] Building and walking plan graph for NormalMode
2026-07-21T12:21:04.051+0530 [DEBUG] ProviderTransformer: "dcapi_project.project-s87 (expand)" (*terraform.nodeExpandPlannableResource) needs provider["registry.terraform.io/wso2/dcapi"]
2026-07-21T12:21:04.051+0530 [DEBUG] ReferenceTransformer: "output.tenant_id (expand)" references: [dcapi_project.project-s87 (expand)]
2026-07-21T12:21:04.051+0530 [DEBUG] ReferenceTransformer: "provider[\"registry.terraform.io/wso2/dcapi\"]" references: []
2026-07-21T12:21:04.051+0530 [DEBUG] ReferenceTransformer: "dcapi_project.project-s87 (expand)" references: []
2026-07-21T12:21:04.051+0530 [DEBUG] ReferenceTransformer: "output.project_id (expand)" references: [dcapi_project.project-s87 (expand)]
2026-07-21T12:21:04.051+0530 [DEBUG] ReferenceTransformer: "output.project_uuid (expand)" references: [dcapi_project.project-s87 (expand)]
2026-07-21T12:21:04.051+0530 [DEBUG] Starting graph walk: walkPlan
2026-07-21T12:21:04.051+0530 [DEBUG] created provider logger: level=debug
2026-07-21T12:21:04.051+0530 [INFO]  provider: configuring client automatic mTLS
2026-07-21T12:21:04.056+0530 [DEBUG] provider: starting plugin: path=/home/sameeraku/.terraform.d/plugins/registry.terraform.io/wso2/dcapi/0.1.0/linux_amd64/terraform-provider-dcapi args=["/home/sameeraku/.terraform.d/plugins/registry.terraform.io/wso2/dcapi/0.1.0/linux_amd64/terraform-provider-dcapi"]
2026-07-21T12:21:04.056+0530 [DEBUG] provider: plugin started: path=/home/sameeraku/.terraform.d/plugins/registry.terraform.io/wso2/dcapi/0.1.0/linux_amd64/terraform-provider-dcapi pid=136016
2026-07-21T12:21:04.056+0530 [DEBUG] provider: waiting for RPC address: plugin=/home/sameeraku/.terraform.d/plugins/registry.terraform.io/wso2/dcapi/0.1.0/linux_amd64/terraform-provider-dcapi
2026-07-21T12:21:04.061+0530 [INFO]  provider.terraform-provider-dcapi: configuring server automatic mTLS: timestamp="2026-07-21T12:21:04.061+0530"
2026-07-21T12:21:04.073+0530 [DEBUG] provider.terraform-provider-dcapi: plugin address: address=/tmp/plugin1198148136 network=unix timestamp="2026-07-21T12:21:04.073+0530"
2026-07-21T12:21:04.073+0530 [DEBUG] provider: using plugin: version=5
2026-07-21T12:21:04.085+0530 [WARN]  ValidateProviderConfig from "provider[\"registry.terraform.io/wso2/dcapi\"]" changed the config value, but that value is unused
2026-07-21T12:21:04.085+0530 [DEBUG] Resource instance state not found for node "dcapi_project.project-s87", instance dcapi_project.project-s87
2026-07-21T12:21:04.086+0530 [DEBUG] ReferenceTransformer: "dcapi_project.project-s87" references: []
2026-07-21T12:21:04.086+0530 [DEBUG] refresh: dcapi_project.project-s87: no state, so not refreshing
2026-07-21T12:21:04.089+0530 [DEBUG] provider.stdio: received EOF, stopping recv loop: err="rpc error: code = Unavailable desc = error reading from server: EOF"
2026-07-21T12:21:04.090+0530 [INFO]  provider: plugin process exited: plugin=/home/sameeraku/.terraform.d/plugins/registry.terraform.io/wso2/dcapi/0.1.0/linux_amd64/terraform-provider-dcapi id=136016
2026-07-21T12:21:04.090+0530 [DEBUG] provider: plugin exited
2026-07-21T12:21:04.090+0530 [DEBUG] building apply graph to check for errors
2026-07-21T12:21:04.090+0530 [DEBUG] Resource state not found for node "dcapi_project.project-s87", instance dcapi_project.project-s87
2026-07-21T12:21:04.091+0530 [DEBUG] ProviderTransformer: "dcapi_project.project-s87" (*terraform.NodeApplyableResourceInstance) needs provider["registry.terraform.io/wso2/dcapi"]
2026-07-21T12:21:04.091+0530 [DEBUG] ProviderTransformer: "dcapi_project.project-s87 (expand)" (*terraform.nodeExpandApplyableResource) needs provider["registry.terraform.io/wso2/dcapi"]
2026-07-21T12:21:04.091+0530 [DEBUG] ReferenceTransformer: "output.project_uuid (expand)" references: [dcapi_project.project-s87 dcapi_project.project-s87 dcapi_project.project-s87 (expand)]
2026-07-21T12:21:04.091+0530 [DEBUG] ReferenceTransformer: "dcapi_project.project-s87" references: []
2026-07-21T12:21:04.091+0530 [DEBUG] ReferenceTransformer: "provider[\"registry.terraform.io/wso2/dcapi\"]" references: []
2026-07-21T12:21:04.091+0530 [DEBUG] ReferenceTransformer: "dcapi_project.project-s87 (expand)" references: []
2026-07-21T12:21:04.091+0530 [DEBUG] ReferenceTransformer: "output.tenant_id (expand)" references: [dcapi_project.project-s87 dcapi_project.project-s87 dcapi_project.project-s87 (expand)]
2026-07-21T12:21:04.091+0530 [DEBUG] ReferenceTransformer: "output.project_id (expand)" references: [dcapi_project.project-s87 dcapi_project.project-s87 dcapi_project.project-s87 (expand)]
2026-07-21T12:21:04.091+0530 [INFO]  backend/local: plan operation completed
